[backblue.gif]
[fade.gif]
[index.html]
[web.cs.iastate.edu/icons/blank.gif]
[web.cs.iastate.edu/icons/back.gif]
[web.cs.iastate.edu/icons/folder.gif]
[web.cs.iastate.edu/icons/unknown.gif]
[web.cs.iastate.edu/_cs227/labs/labs.js]
[web.cs.iastate.edu/icons/text.gif]
[web.cs.iastate.edu/_cs227/labs/index.html]
[web.cs.iastate.edu/_cs227/labs/indexc052.html]
[web.cs.iastate.edu/_cs227/labs/indexf8a0.html]
[web.cs.iastate.edu/_cs227/labs/indexbfec.html]
[web.cs.iastate.edu/_cs227/labs/index30b5.html]
[web.cs.iastate.edu/icons/image2.gif]
[web.cs.iastate.edu/_cs227/labs/lab1/explorer_screenshot.jpg]
[web.cs.iastate.edu/_cs227/labs/lab1/filetree0.jpg]
[web.cs.iastate.edu/_cs227/labs/lab1/filetree0.vsd]
[web.cs.iastate.edu/_cs227/labs/lab1/folder_options_dialog_screenshot.jpg]
[web.cs.iastate.edu/_cs227/labs/lab1/folder_options_screenshot.jpg]
[web.cs.iastate.edu/_cs227/labs/lab1/piazza.jpg]
[web.cs.iastate.edu/_cs227/labs/lab1/speccheck_lab1.jar]
[web.cs.iastate.edu/_cs227/labs/lab1/specchecker.jpg]
[web.cs.iastate.edu/_cs227/labs/lab1/index.html]
[web.cs.iastate.edu/_cs227/labs/lab2/Basketball.java]
[web.cs.iastate.edu/_cs227/labs/lab2/javadoc_screenshot.jpg]
[web.cs.iastate.edu/_cs227/labs/lab2/memory_map.jpg]
[web.cs.iastate.edu/_cs227/labs/lab2/memory_map2.jpg]
[web.cs.iastate.edu/_cs227/labs/lab2/speccheck_lab2.jar]
[web.cs.iastate.edu/_cs227/labs/lab2/index.html]
[web.cs.iastate.edu/_cs227/labs/lab3/RabbitModel.java]
[web.cs.iastate.edu/_cs227/labs/lab3/exception_screenshot.jpg]
[web.cs.iastate.edu/_cs227/labs/lab3/plotter1.jpg]
[web.cs.iastate.edu/_cs227/labs/lab3/plotter2.jpg]
[web.cs.iastate.edu/_cs227/labs/lab3/plotter_screenshot.jpg]
[web.cs.iastate.edu/_cs227/labs/lab3/rabbits.jar]
[web.cs.iastate.edu/_cs227/labs/lab3/index.html]
[web.cs.iastate.edu/_cs227/labs/lab4/Donuts.java]
[web.cs.iastate.edu/_cs227/labs/lab4/PiggyBank.java]
[web.cs.iastate.edu/_cs227/labs/lab4/PostageTest.java]
[web.cs.iastate.edu/_cs227/labs/lab4/PostageTestFormatted.java]
[web.cs.iastate.edu/_cs227/labs/lab4/debug_screenshot.jpg]
[web.cs.iastate.edu/_cs227/labs/lab4/exception_breakpoint.png]
[web.cs.iastate.edu/_cs227/labs/lab4/instance_vars_screenshot.png]
[web.cs.iastate.edu/_cs227/labs/lab4/pause_button_screenshot.png]
[web.cs.iastate.edu/_cs227/labs/lab4/postage1.png]
[web.cs.iastate.edu/_cs227/labs/lab4/postage2.png]
[web.cs.iastate.edu/_cs227/labs/lab4/postage3.png]
[web.cs.iastate.edu/_cs227/labs/lab4/postage_notes.txt]
[web.cs.iastate.edu/_cs227/labs/lab4/index.html]
[web.cs.iastate.edu/_cs227/labs/lab5/balloons.jar]
[web.cs.iastate.edu/_cs227/labs/lab5/junit_screenshot.jpg]
[web.cs.iastate.edu/_cs227/labs/lab5/minivan.gif]
[web.cs.iastate.edu/_cs227/labs/lab5/index.html]
[web.cs.iastate.edu/_cs227/labs/lab6/Lab6Example.java]
[web.cs.iastate.edu/_cs227/labs/lab6/SimpleLoops.java]
[web.cs.iastate.edu/_cs227/labs/lab6/debug_screenshot.jpg]
[web.cs.iastate.edu/_cs227/labs/lab6/exception_breakpoint.png]
[web.cs.iastate.edu/_cs227/labs/lab6/pause_button_screenshot.png]
[web.cs.iastate.edu/_cs227/labs/lab6/index.html]
[web.cs.iastate.edu/_cs227/labs/lab7/ArrayExample.java]
[web.cs.iastate.edu/_cs227/labs/lab7/Card.java]
[web.cs.iastate.edu/_cs227/labs/lab7/Deck.java]
[web.cs.iastate.edu/_cs227/labs/lab7/DeckTest2.java]
[web.cs.iastate.edu/_cs227/labs/lab7/DeckTest3.java]
[web.cs.iastate.edu/_cs227/labs/lab7/PokerHand.java]
[web.cs.iastate.edu/_cs227/labs/lab7/ReverseArray.java]
[web.cs.iastate.edu/_cs227/labs/lab7/index.html]
[web.cs.iastate.edu/_cs227/labs/lab8/Polyline.java]
[web.cs.iastate.edu/_cs227/labs/lab8/QuizAverager.java]
[web.cs.iastate.edu/_cs227/labs/lab8/TestPlotter.java]
[web.cs.iastate.edu/_cs227/labs/lab8/filetree1.jpg]
[web.cs.iastate.edu/_cs227/labs/lab8/hello.txt]
[web.cs.iastate.edu/_cs227/labs/lab8/plotter_screenshot.png]
[web.cs.iastate.edu/_cs227/labs/lab8/polyline_plotter.jar]
[web.cs.iastate.edu/_cs227/labs/lab8/scores.txt]
[web.cs.iastate.edu/_cs227/labs/lab8/story.txt]
[web.cs.iastate.edu/_cs227/labs/lab8/test.txt]
[web.cs.iastate.edu/_cs227/labs/lab8/index.html]
[web.cs.iastate.edu/_cs227/labs/lab9/ArraySum.java]
[web.cs.iastate.edu/_cs227/labs/lab9/ArraySumVerbose.java]
[web.cs.iastate.edu/_cs227/labs/lab9/FileLister.java]
[web.cs.iastate.edu/_cs227/labs/lab9/FileLister2.java]
[web.cs.iastate.edu/_cs227/labs/lab9/FileListerNonRecursive.java]
[web.cs.iastate.edu/_cs227/labs/lab9/Thing.java]
[web.cs.iastate.edu/_cs227/labs/lab9/eclipse_screenshot.png]
[web.cs.iastate.edu/_cs227/labs/lab9/pyramid.png]
[web.cs.iastate.edu/_cs227/labs/lab9/index.html]
[web.cs.iastate.edu/_cs227/labs/lab10/FirstSwingExample.java]
[web.cs.iastate.edu/_cs227/labs/lab10/GroupPhoto.java]
[web.cs.iastate.edu/_cs227/labs/lab10/IntList.java]
[web.cs.iastate.edu/_cs227/labs/lab10/IntListSorted.java]
[web.cs.iastate.edu/_cs227/labs/lab10/Portrait.java]
[web.cs.iastate.edu/_cs227/labs/lab10/Portrait0CRJ.java]
[web.cs.iastate.edu/_cs227/labs/lab10/SwingGraphicsExample.java]
[web.cs.iastate.edu/_cs227/labs/lab10/screenshot1.jpg]
[web.cs.iastate.edu/_cs227/labs/lab10/screenshot2.jpg]
[web.cs.iastate.edu/_cs227/labs/lab10/screenshot2a.jpg]
[web.cs.iastate.edu/_cs227/labs/lab10/index.html]
[web.cs.iastate.edu/_cs227/labs/navstyle.css]
[web.cs.iastate.edu/_cs227/labs/indexb70a.html]
[web.cs.iastate.edu/_cs227/labs/index72c9.html]
[web.cs.iastate.edu/_cs227/labs/index5851.html]
[web.cs.iastate.edu/_cs227/labs/indexad3f.html]
[web.cs.iastate.edu/_cs227/labs/lab1/indexc052.html]
[web.cs.iastate.edu/_cs227/labs/lab1/indexf8a0.html]
[web.cs.iastate.edu/_cs227/labs/lab1/indexbfec.html]
[web.cs.iastate.edu/_cs227/labs/lab1/index30b5.html]
[web.cs.iastate.edu/_cs227/labs/lab1/page01.html]
[web.cs.iastate.edu/_cs227/labs/lab1/page02.html]
[web.cs.iastate.edu/_cs227/labs/lab1/page03.html]
[web.cs.iastate.edu/_cs227/labs/lab1/page04.html]
[web.cs.iastate.edu/_cs227/labs/lab1/page05.html]
[web.cs.iastate.edu/_cs227/labs/lab1/page06.html]
[web.cs.iastate.edu/_cs227/labs/lab1/page06a.html]
[web.cs.iastate.edu/_cs227/labs/lab1/page07.html]
[web.cs.iastate.edu/_cs227/labs/lab1/page08.html]
[web.cs.iastate.edu/_cs227/labs/lab1/page09.html]
[web.cs.iastate.edu/_cs227/labs/lab1/page10.html]
[web.cs.iastate.edu/_cs227/labs/lab1/page11.html]
[web.cs.iastate.edu/_cs227/labs/lab1/page12.html]
[web.cs.iastate.edu/_cs227/labs/lab1/page13.html]
[web.cs.iastate.edu/_cs227/labs/lab1/page14.html]
[web.cs.iastate.edu/_cs227/labs/lab1/page15.html]
[web.cs.iastate.edu/_cs227/labs/lab2/indexc052.html]
[web.cs.iastate.edu/_cs227/labs/lab2/indexf8a0.html]
[web.cs.iastate.edu/_cs227/labs/lab2/indexbfec.html]
[web.cs.iastate.edu/_cs227/labs/lab2/index30b5.html]
[web.cs.iastate.edu/_cs227/labs/lab2/doc/index.html]
[web.cs.iastate.edu/_cs227/labs/lab2/page01.html]
[web.cs.iastate.edu/_cs227/labs/lab2/page03.html]
[web.cs.iastate.edu/_cs227/labs/lab2/page04.html]
[web.cs.iastate.edu/_cs227/labs/lab2/page05.html]
[web.cs.iastate.edu/_cs227/labs/lab2/page06.html]
[web.cs.iastate.edu/_cs227/labs/lab2/page06a.html]
[web.cs.iastate.edu/_cs227/labs/lab2/page06b.html]
[web.cs.iastate.edu/_cs227/labs/lab2/page07.html]
[web.cs.iastate.edu/_cs227/labs/lab2/page08.html]
[web.cs.iastate.edu/_cs227/labs/lab2/page10.html]
[web.cs.iastate.edu/_cs227/labs/lab2/page11.html]
[web.cs.iastate.edu/_cs227/labs/lab2/page13.html]
[web.cs.iastate.edu/_cs227/labs/lab3/indexc052.html]
[web.cs.iastate.edu/_cs227/labs/lab3/indexf8a0.html]
[web.cs.iastate.edu/_cs227/labs/lab3/indexbfec.html]
[web.cs.iastate.edu/_cs227/labs/lab3/index30b5.html]
[web.cs.iastate.edu/_cs227/labs/lab3/doc/index.html]
[web.cs.iastate.edu/_cs227/labs/lab3/page01.html]
[web.cs.iastate.edu/_cs227/labs/lab3/page02.html]
[web.cs.iastate.edu/_cs227/labs/lab3/page02a.html]
[web.cs.iastate.edu/_cs227/labs/lab3/page02b.html]
[web.cs.iastate.edu/_cs227/labs/lab3/page08.html]
[web.cs.iastate.edu/_cs227/labs/lab3/page09.html]
[web.cs.iastate.edu/_cs227/labs/lab3/page10.html]
[web.cs.iastate.edu/_cs227/labs/lab3/page11.html]
[web.cs.iastate.edu/_cs227/labs/lab4/indexc052.html]
[web.cs.iastate.edu/_cs227/labs/lab4/indexf8a0.html]
[web.cs.iastate.edu/_cs227/labs/lab4/indexbfec.html]
[web.cs.iastate.edu/_cs227/labs/lab4/index30b5.html]
[web.cs.iastate.edu/_cs227/labs/lab4/CeilingTest.html]
[web.cs.iastate.edu/_cs227/labs/lab4/PiggyBankExample.html]
[web.cs.iastate.edu/_cs227/labs/lab4/page01.html]
[web.cs.iastate.edu/_cs227/labs/lab4/page02.html]
[web.cs.iastate.edu/_cs227/labs/lab4/page03.html]
[web.cs.iastate.edu/_cs227/labs/lab4/page06.html]
[web.cs.iastate.edu/_cs227/labs/lab4/page07.html]
[web.cs.iastate.edu/_cs227/labs/lab4/page08.html]
[web.cs.iastate.edu/_cs227/labs/lab4/page20.html]
[web.cs.iastate.edu/_cs227/labs/lab4/page21.html]
[web.cs.iastate.edu/_cs227/labs/lab4/page22.html]
[web.cs.iastate.edu/_cs227/labs/lab5/indexc052.html]
[web.cs.iastate.edu/_cs227/labs/lab5/indexf8a0.html]
[web.cs.iastate.edu/_cs227/labs/lab5/indexbfec.html]
[web.cs.iastate.edu/_cs227/labs/lab5/index30b5.html]
[web.cs.iastate.edu/_cs227/labs/lab5/CityAndTravelerTests.html]
[web.cs.iastate.edu/_cs227/labs/lab5/balloon/index.html]
[web.cs.iastate.edu/_cs227/labs/lab5/page01.html]
[web.cs.iastate.edu/_cs227/labs/lab5/page03.html]
[web.cs.iastate.edu/_cs227/labs/lab5/page04.html]
[web.cs.iastate.edu/_cs227/labs/lab5/page05.html]
[web.cs.iastate.edu/_cs227/labs/lab5/page05a.html]
[web.cs.iastate.edu/_cs227/labs/lab5/page06.html]
[web.cs.iastate.edu/_cs227/labs/lab5/page08.html]
[web.cs.iastate.edu/_cs227/labs/lab5/stylesheet.css]
[web.cs.iastate.edu/_cs227/labs/lab6/indexc052.html]
[web.cs.iastate.edu/_cs227/labs/lab6/indexf8a0.html]
[web.cs.iastate.edu/_cs227/labs/lab6/indexbfec.html]
[web.cs.iastate.edu/_cs227/labs/lab6/index30b5.html]
[web.cs.iastate.edu/_cs227/labs/lab6/LoopExample.html]
[web.cs.iastate.edu/_cs227/labs/lab6/page01.html]
[web.cs.iastate.edu/_cs227/labs/lab6/page02.html]
[web.cs.iastate.edu/_cs227/labs/lab6/page03.html]
[web.cs.iastate.edu/_cs227/labs/lab6/page04.html]
[web.cs.iastate.edu/_cs227/labs/lab6/page05.html]
[web.cs.iastate.edu/_cs227/labs/lab6/page06.html]
[web.cs.iastate.edu/_cs227/labs/lab6/page07.html]
[web.cs.iastate.edu/_cs227/labs/lab6/page08.html]
[web.cs.iastate.edu/_cs227/labs/lab6/page09.html]
[web.cs.iastate.edu/_cs227/labs/lab6/page10.html]
[web.cs.iastate.edu/_cs227/labs/lab7/indexc052.html]
[web.cs.iastate.edu/_cs227/labs/lab7/indexf8a0.html]
[web.cs.iastate.edu/_cs227/labs/lab7/indexbfec.html]
[web.cs.iastate.edu/_cs227/labs/lab7/index30b5.html]
[web.cs.iastate.edu/_cs227/labs/lab7/ArrayExample2.html]
[web.cs.iastate.edu/_cs227/labs/lab7/ArrayExample3.html]
[web.cs.iastate.edu/_cs227/labs/lab7/ArrayExample4.html]
[web.cs.iastate.edu/_cs227/labs/lab7/ArrayExample5.html]
[web.cs.iastate.edu/_cs227/labs/lab7/page01.html]
[web.cs.iastate.edu/_cs227/labs/lab7/page01a.html]
[web.cs.iastate.edu/_cs227/labs/lab7/page02.html]
[web.cs.iastate.edu/_cs227/labs/lab7/page03.html]
[web.cs.iastate.edu/_cs227/labs/lab7/page04.html]
[web.cs.iastate.edu/_cs227/labs/lab7/page06.html]
[web.cs.iastate.edu/_cs227/labs/lab7/page07.html]
[web.cs.iastate.edu/_cs227/labs/lab7/page08.html]
[web.cs.iastate.edu/_cs227/labs/lab7/page09.html]
[web.cs.iastate.edu/_cs227/labs/lab8/indexc052.html]
[web.cs.iastate.edu/_cs227/labs/lab8/indexf8a0.html]
[web.cs.iastate.edu/_cs227/labs/lab8/indexbfec.html]
[web.cs.iastate.edu/_cs227/labs/lab8/index30b5.html]
[web.cs.iastate.edu/_cs227/labs/lab8/ArrayListExample1.html]
[web.cs.iastate.edu/_cs227/labs/lab8/ArrayListExample2.html]
[web.cs.iastate.edu/_cs227/labs/lab8/ArrayListExample3.html]
[web.cs.iastate.edu/_cs227/labs/lab8/doc/index.html]
[web.cs.iastate.edu/_cs227/labs/lab8/page01.html]
[web.cs.iastate.edu/_cs227/labs/lab8/page03.html]
[web.cs.iastate.edu/_cs227/labs/lab8/page04.html]
[web.cs.iastate.edu/_cs227/labs/lab8/page05.html]
[web.cs.iastate.edu/_cs227/labs/lab8/page06.html]
[web.cs.iastate.edu/_cs227/labs/lab8/page07.html]
[web.cs.iastate.edu/_cs227/labs/lab8/page08.html]
[web.cs.iastate.edu/_cs227/labs/lab8/page09.html]
[web.cs.iastate.edu/_cs227/labs/lab8/page10.html]
[web.cs.iastate.edu/_cs227/labs/lab8/page11.html]
[web.cs.iastate.edu/_cs227/labs/lab8/page12.html]
[web.cs.iastate.edu/_cs227/labs/lab9/indexc052.html]
[web.cs.iastate.edu/_cs227/labs/lab9/indexf8a0.html]
[web.cs.iastate.edu/_cs227/labs/lab9/indexbfec.html]
[web.cs.iastate.edu/_cs227/labs/lab9/index30b5.html]
[web.cs.iastate.edu/_cs227/labs/lab9/RecursiveDeli.html]
[web.cs.iastate.edu/_cs227/labs/lab9/page01.html]
[web.cs.iastate.edu/_cs227/labs/lab9/page02.html]
[web.cs.iastate.edu/_cs227/labs/lab9/page03.html]
[web.cs.iastate.edu/_cs227/labs/lab9/page03a.html]
[web.cs.iastate.edu/_cs227/labs/lab9/page04.html]
[web.cs.iastate.edu/_cs227/labs/lab9/page05.html]
[web.cs.iastate.edu/_cs227/labs/lab9/page06.html]
[web.cs.iastate.edu/_cs227/labs/lab9/page09.html]
[web.cs.iastate.edu/_cs227/labs/lab9/page10.html]
[web.cs.iastate.edu/_cs227/labs/lab10/indexc052.html]
[web.cs.iastate.edu/_cs227/labs/lab10/indexf8a0.html]
[web.cs.iastate.edu/_cs227/labs/lab10/indexbfec.html]
[web.cs.iastate.edu/_cs227/labs/lab10/index30b5.html]
[web.cs.iastate.edu/_cs227/labs/lab10/page01.html]
[web.cs.iastate.edu/_cs227/labs/lab10/page03.html]
[web.cs.iastate.edu/_cs227/labs/lab10/page04.html]
[web.cs.iastate.edu/_cs227/labs/lab10/page04b.html]
[web.cs.iastate.edu/_cs227/labs/lab10/page05.html]
[web.cs.iastate.edu/_cs227/labs/lab10/page08.html]
[web.cs.iastate.edu/_cs227/labs/lab10/page08a.html]
[web.cs.iastate.edu/_cs227/labs/lab10/page09.html]
[web.cs.iastate.edu/_cs227/labs/lab10/page10.html]
[web.cs.iastate.edu/_cs227/labs/lab1/indexb70a.html]
[web.cs.iastate.edu/_cs227/labs/lab1/index72c9.html]
[web.cs.iastate.edu/_cs227/labs/lab1/index5851.html]
[web.cs.iastate.edu/_cs227/labs/lab1/indexad3f.html]
[web.cs.iastate.edu/_cs227/labs/lab2/indexb70a.html]
[web.cs.iastate.edu/_cs227/labs/lab2/index72c9.html]
[web.cs.iastate.edu/_cs227/labs/lab2/index5851.html]
[web.cs.iastate.edu/_cs227/labs/lab2/indexad3f.html]
[web.cs.iastate.edu/_cs227/labs/lab2/doc/indexc052.html]
[web.cs.iastate.edu/_cs227/labs/lab2/doc/indexf8a0.html]
[web.cs.iastate.edu/_cs227/labs/lab2/doc/indexbfec.html]
[web.cs.iastate.edu/_cs227/labs/lab2/doc/index30b5.html]
[web.cs.iastate.edu/_cs227/labs/lab2/doc/lab2/index.html]
[web.cs.iastate.edu/_cs227/labs/lab2/doc/stylesheet.css]
[web.cs.iastate.edu/_cs227/labs/lab2/doc/lab2/Basketball.html]
[web.cs.iastate.edu/_cs227/labs/lab3/indexb70a.html]
[web.cs.iastate.edu/_cs227/labs/lab3/index72c9.html]
[web.cs.iastate.edu/_cs227/labs/lab3/index5851.html]
[web.cs.iastate.edu/_cs227/labs/lab3/indexad3f.html]
[web.cs.iastate.edu/_cs227/labs/lab3/doc/indexc052.html]
[web.cs.iastate.edu/_cs227/labs/lab3/doc/indexf8a0.html]
[web.cs.iastate.edu/_cs227/labs/lab3/doc/indexbfec.html]
[web.cs.iastate.edu/_cs227/labs/lab3/doc/index30b5.html]
[web.cs.iastate.edu/_cs227/labs/lab3/doc/plotter/index.html]
[web.cs.iastate.edu/_cs227/labs/lab3/doc/stylesheet.css]
[web.cs.iastate.edu/_cs227/labs/lab3/doc/plotter/SimulationPlotter.html]
[web.cs.iastate.edu/_cs227/labs/lab4/indexb70a.html]
[web.cs.iastate.edu/_cs227/labs/lab4/index72c9.html]
[web.cs.iastate.edu/_cs227/labs/lab4/index5851.html]
[web.cs.iastate.edu/_cs227/labs/lab4/indexad3f.html]
[web.cs.iastate.edu/_cs227/labs/lab5/indexb70a.html]
[web.cs.iastate.edu/_cs227/labs/lab5/index72c9.html]
[web.cs.iastate.edu/_cs227/labs/lab5/index5851.html]
[web.cs.iastate.edu/_cs227/labs/lab5/indexad3f.html]
[web.cs.iastate.edu/_cs227/labs/lab5/balloon/indexc052.html]
[web.cs.iastate.edu/_cs227/labs/lab5/balloon/indexf8a0.html]
[web.cs.iastate.edu/_cs227/labs/lab5/balloon/indexbfec.html]
[web.cs.iastate.edu/_cs227/labs/lab5/balloon/index30b5.html]
[web.cs.iastate.edu/_cs227/labs/lab5/balloon/Balloon.html]
[web.cs.iastate.edu/_cs227/labs/lab5/resources/fonts/dejavu.html]
[web.cs.iastate.edu/_cs227/labs/lab6/indexb70a.html]
[web.cs.iastate.edu/_cs227/labs/lab6/index72c9.html]
[web.cs.iastate.edu/_cs227/labs/lab6/index5851.html]
[web.cs.iastate.edu/_cs227/labs/lab6/indexad3f.html]
[web.cs.iastate.edu/_cs227/labs/lab7/indexb70a.html]
[web.cs.iastate.edu/_cs227/labs/lab7/index72c9.html]
[web.cs.iastate.edu/_cs227/labs/lab7/index5851.html]
[web.cs.iastate.edu/_cs227/labs/lab7/indexad3f.html]
[web.cs.iastate.edu/_cs227/labs/lab8/indexb70a.html]
[web.cs.iastate.edu/_cs227/labs/lab8/index72c9.html]
[web.cs.iastate.edu/_cs227/labs/lab8/index5851.html]
[web.cs.iastate.edu/_cs227/labs/lab8/indexad3f.html]
[web.cs.iastate.edu/_cs227/labs/lab8/doc/script.js]
[web.cs.iastate.edu/_cs227/labs/lab8/doc/allclasses-frame.html]
[web.cs.iastate.edu/_cs227/labs/lab8/doc/plotter/package-summary.html]
[web.cs.iastate.edu/_cs227/labs/lab8/doc/plotter/Plotter.html]
[web.cs.iastate.edu/_cs227/labs/lab8/doc/plotter/Polyline.html]
[web.cs.iastate.edu/_cs227/labs/lab9/indexb70a.html]
[web.cs.iastate.edu/_cs227/labs/lab9/index72c9.html]
[web.cs.iastate.edu/_cs227/labs/lab9/index5851.html]
[web.cs.iastate.edu/_cs227/labs/lab9/indexad3f.html]
[web.cs.iastate.edu/_cs227/labs/lab10/indexb70a.html]
[web.cs.iastate.edu/_cs227/labs/lab10/index72c9.html]
[web.cs.iastate.edu/_cs227/labs/lab10/index5851.html]
[web.cs.iastate.edu/_cs227/labs/lab10/indexad3f.html]
[web.cs.iastate.edu/_cs227/labs/lab2/doc/indexb70a.html]
[web.cs.iastate.edu/_cs227/labs/lab2/doc/index72c9.html]
[web.cs.iastate.edu/_cs227/labs/lab2/doc/index5851.html]
[web.cs.iastate.edu/_cs227/labs/lab2/doc/indexad3f.html]
[web.cs.iastate.edu/_cs227/labs/lab2/doc/lab2/indexc052.html]
[web.cs.iastate.edu/_cs227/labs/lab2/doc/lab2/indexf8a0.html]
[web.cs.iastate.edu/_cs227/labs/lab2/doc/lab2/indexbfec.html]
[web.cs.iastate.edu/_cs227/labs/lab2/doc/lab2/index30b5.html]
[web.cs.iastate.edu/_cs227/labs/lab2/doc/resources/titlebar.html]
[web.cs.iastate.edu/_cs227/labs/lab2/doc/resources/background.html]
[web.cs.iastate.edu/_cs227/labs/lab2/doc/resources/tab.html]
[web.cs.iastate.edu/_cs227/labs/lab2/doc/resources/titlebar_end.html]
[web.cs.iastate.edu/_cs227/labs/lab2/doc/lab2/package-summary.html]
[web.cs.iastate.edu/_cs227/labs/lab2/doc/lab2/class-use/Basketball.html]
[web.cs.iastate.edu/_cs227/labs/lab2/doc/lab2/package-tree.html]
[web.cs.iastate.edu/_cs227/labs/lab2/doc/deprecated-list.html]
[web.cs.iastate.edu/_cs227/labs/lab2/doc/index-files/index-1.html]
[web.cs.iastate.edu/_cs227/labs/lab2/doc/help-doc.html]
[web.cs.iastate.edu/_cs227/labs/lab2/doc/indexede2.html]
[web.cs.iastate.edu/_cs227/labs/lab2/doc/allclasses-noframe.html]
[web.cs.iastate.edu/_cs227/labs/lab3/doc/indexb70a.html]
[web.cs.iastate.edu/_cs227/labs/lab3/doc/index72c9.html]
[web.cs.iastate.edu/_cs227/labs/lab3/doc/index5851.html]
[web.cs.iastate.edu/_cs227/labs/lab3/doc/indexad3f.html]
[web.cs.iastate.edu/_cs227/labs/lab3/doc/plotter/indexc052.html]
[web.cs.iastate.edu/_cs227/labs/lab3/doc/plotter/indexf8a0.html]
[web.cs.iastate.edu/_cs227/labs/lab3/doc/plotter/indexbfec.html]
[web.cs.iastate.edu/_cs227/labs/lab3/doc/plotter/index30b5.html]
[web.cs.iastate.edu/_cs227/labs/lab3/doc/resources/titlebar.html]
[web.cs.iastate.edu/_cs227/labs/lab3/doc/resources/background.html]
[web.cs.iastate.edu/_cs227/labs/lab3/doc/resources/tab.html]
[web.cs.iastate.edu/_cs227/labs/lab3/doc/resources/titlebar_end.html]
[web.cs.iastate.edu/_cs227/labs/lab3/doc/plotter/package-summary.html]
[web.cs.iastate.edu/_cs227/labs/lab3/doc/plotter/class-use/SimulationPlotter.html]
[web.cs.iastate.edu/_cs227/labs/lab3/doc/plotter/package-tree.html]
[web.cs.iastate.edu/_cs227/labs/lab3/doc/deprecated-list.html]
[web.cs.iastate.edu/_cs227/labs/lab3/doc/index-files/index-1.html]
[web.cs.iastate.edu/_cs227/labs/lab3/doc/help-doc.html]
[web.cs.iastate.edu/_cs227/labs/lab3/doc/indexfb70.html]
[web.cs.iastate.edu/_cs227/labs/lab3/doc/allclasses-noframe.html]
[web.cs.iastate.edu/_cs227/labs/lab5/balloon/indexb70a.html]
[web.cs.iastate.edu/_cs227/labs/lab5/balloon/index72c9.html]
[web.cs.iastate.edu/_cs227/labs/lab5/balloon/index5851.html]
[web.cs.iastate.edu/_cs227/labs/lab5/balloon/indexad3f.html]
[web.cs.iastate.edu/_cs227/labs/lab5/script.html]
[web.cs.iastate.edu/_cs227/labs/lab5/balloon/package-summary.html]
[web.cs.iastate.edu/_cs227/labs/lab5/balloon/class-use/Balloon.html]
[web.cs.iastate.edu/_cs227/labs/lab5/balloon/package-tree.html]
[web.cs.iastate.edu/_cs227/labs/lab5/deprecated-list.html]
[web.cs.iastate.edu/_cs227/labs/lab5/index-files/index-1.html]
[web.cs.iastate.edu/_cs227/labs/lab5/help-doc.html]
[web.cs.iastate.edu/_cs227/labs/lab5/indexbb6d.html]
[web.cs.iastate.edu/_cs227/labs/lab5/allclasses-noframe.html]
[web.cs.iastate.edu/_cs227/labs/lab8/doc/stylesheet.css]
[web.cs.iastate.edu/_cs227/labs/lab8/doc/plotter/package-use.html]
[web.cs.iastate.edu/_cs227/labs/lab8/doc/plotter/package-tree.html]
[web.cs.iastate.edu/_cs227/labs/lab8/doc/deprecated-list.html]
[web.cs.iastate.edu/_cs227/labs/lab8/doc/index-files/index-1.html]
[web.cs.iastate.edu/_cs227/labs/lab8/doc/help-doc.html]
[web.cs.iastate.edu/_cs227/labs/lab8/doc/index07f1.html]
[web.cs.iastate.edu/_cs227/labs/lab8/doc/allclasses-noframe.html]
[web.cs.iastate.edu/_cs227/labs/lab8/doc/plotter/class-use/Plotter.html]
[web.cs.iastate.edu/_cs227/labs/lab8/doc/index6bed.html]
[web.cs.iastate.edu/_cs227/labs/lab8/doc/plotter/class-use/Polyline.html]
[web.cs.iastate.edu/_cs227/labs/lab8/doc/indexd031.html]
[web.cs.iastate.edu/_cs227/labs/lab2/doc/lab2/indexb70a.html]
[web.cs.iastate.edu/_cs227/labs/lab2/doc/lab2/index72c9.html]
[web.cs.iastate.edu/_cs227/labs/lab2/doc/lab2/index5851.html]
[web.cs.iastate.edu/_cs227/labs/lab2/doc/lab2/indexad3f.html]
[web.cs.iastate.edu/_cs227/labs/lab3/doc/plotter/indexb70a.html]
[web.cs.iastate.edu/_cs227/labs/lab3/doc/plotter/index72c9.html]
[web.cs.iastate.edu/_cs227/labs/lab3/doc/plotter/index5851.html]
[web.cs.iastate.edu/_cs227/labs/lab3/doc/plotter/indexad3f.html]
[web.cs.iastate.edu/_cs227/labs/lab8/doc/resources/fonts/dejavu.html]
[web.cs.iastate.edu/_cs227/labs/lab8/doc/indexc216.html]
[web.cs.iastate.edu/_cs227/labs/lab8/doc/indexbbdc.html]
[web.cs.iastate.edu/_cs227/labs/lab8/doc/index94a5.html]
[web.cs.iastate.edu/_cs227/labs/lab8/doc/index-files/index-2.html]
[web.cs.iastate.edu/_cs227/labs/lab8/doc/indexaa0d.html]
[web.cs.iastate.edu/_cs227/labs/lab8/doc/index-files/index-3.html]
[web.cs.iastate.edu/_cs227/labs/lab8/doc/index-files/index-4.html]
[web.cs.iastate.edu/_cs227/labs/lab8/doc/indexb46a.html]
[web.cs.iastate.edu/_cs227/labs/lab8/doc/overview-tree.html]
[web.cs.iastate.edu/_cs227/labs/lab8/doc/constant-values.html]
[web.cs.iastate.edu/_cs227/labs/lab8/doc/indexa3e4.html]
[web.cs.iastate.edu/_cs227/labs/lab8/doc/index2a61.html]
[web.cs.iastate.edu/_cs227/labs/lab8/doc/index7d77.html]
[web.cs.iastate.edu/_cs227/labs/lab8/doc/index060d.html]
[web.cs.iastate.edu/_cs227/labs/lab8/doc/index91f9.html]
[web.cs.iastate.edu/_cs227/labs/lab8/doc/indexcaf2.html]
[web.cs.iastate.edu/_cs227/labs/lab8/doc/indexd866.html]
